// Jest Snapshot v1, https://goo.gl/fbAQLP

exports[`LoadableBackDrop Render and props test  matches snapshot 1`] = `
<body>
  <div>
    <button
      class="MuiButtonBase-root MuiButton-root MuiButton-outlined MuiButton-outlinedPrimary"
      tabindex="0"
      type="button"
    >
      <span
        class="MuiButton-label"
      >
        Show backdrop
      </span>
      <span
        class="MuiTouchRipple-root"
      />
    </button>
    <div
      aria-hidden="true"
      class="MuiBackdrop-root"
      style="opacity: 0; visibility: hidden;"
    >
      <div
        class="MuiCircularProgress-root MuiCircularProgress-indeterminate"
        role="progressbar"
        style="width: 40px; height: 40px;"
      >
        <svg
          class="MuiCircularProgress-svg"
          viewBox="22 22 44 44"
        >
          <circle
            class="MuiCircularProgress-circle MuiCircularProgress-circleIndeterminate"
            cx="44"
            cy="44"
            fill="none"
            r="20.2"
            stroke-width="3.6"
          />
        </svg>
      </div>
    </div>
  </div>
</body>
`;
