// Jest Snapshot v1, https://goo.gl/fbAQLP

exports[`Layout Render and props test Snapshots matches snapshot 1`] = `
<body>
  <div>
    <header
      class="makeStyles-header-1"
    >
      <p
        style="display: block; max-width: 1000px; height: 100%; margin: auto; padding-top: 12px; background-color: black; text-align: center;"
      >
        Layout
      </p>
    </header>
    <div
      style="max-width: 1000px; padding-top: 65px; margin: auto;"
    />
  </div>
</body>
`;
