// Jest Snapshot v1, https://goo.gl/fbAQLP

exports[`Layout Render and props test Snapshots matches snapshot 1`] = `
<body>
  <div>
    <div
      class="makeStyles-header-1"
    >
      <p
        style="display: block; text-align: center;"
      >
        Layout
      </p>
      <button
        class="MuiButtonBase-root MuiButton-root MuiButton-contained"
        tabindex="0"
        type="button"
      >
        <span
          class="MuiButton-label"
        >
          Click me
        </span>
        <span
          class="MuiTouchRipple-root"
        />
      </button>
    </div>
    <div
      style="width: 1000px; padding: 20px; margin: auto;"
    />
  </div>
</body>
`;
